sb: num inodes [/tmp/yashd/test-disk1]: found 0 expected 1024
